

*******************************************************************************
Wed Mar 18 11:22:15 2026


FIT:    data read from 'times.data' using 1:2
        format = x:z
        #datapoints = 6
        residuals are weighted equally (unit weight)

function used for fitting: f(x)
	f(x) = a*x*x*x
fitted parameters initialized with current variable values

iter      chisq       delta/lim  lambda   a            
   0 6.5015682364e+13   0.00e+00  3.29e+06    1.000000e+00
   5 4.8353071510e-08  -5.86e-05  3.29e+01    5.872767e-08

After 5 iterations the fit converged.
final sum of squares of residuals : 4.83531e-08
rel. change during last iteration : -5.86176e-10

degrees of freedom    (FIT_NDF)                        : 5
rms of residuals      (FIT_STDFIT) = sqrt(WSSR/ndf)    : 9.83393e-05
variance of residuals (reduced chisquare) = WSSR/ndf   : 9.67061e-09

Final set of parameters            Asymptotic Standard Error
=======================            ==========================
a               = 5.87277e-08      +/- 1.22e-11     (0.02077%)


*******************************************************************************
Wed Mar 18 11:23:00 2026


FIT:    data read from 'times.data' using 1:2
        format = x:z
        #datapoints = 8
        residuals are weighted equally (unit weight)

function used for fitting: f(x)
	f(x) = a*x*x*x
fitted parameters initialized with current variable values

iter      chisq       delta/lim  lambda   a            
   0 8.0540621539e+14   0.00e+00  1.00e+07    1.000000e+00
   5 5.0633631382e-04  -8.07e-09  1.00e+02    6.183952e-08

After 5 iterations the fit converged.
final sum of squares of residuals : 0.000506336
rel. change during last iteration : -8.07258e-14

degrees of freedom    (FIT_NDF)                        : 7
rms of residuals      (FIT_STDFIT) = sqrt(WSSR/ndf)    : 0.00850493
variance of residuals (reduced chisquare) = WSSR/ndf   : 7.23338e-05

Final set of parameters            Asymptotic Standard Error
=======================            ==========================
a               = 6.18395e-08      +/- 2.997e-10    (0.4846%)
